INFO         | Android emulator version 37.1.11.0 (build_id 15917651) (CL:N/A)
INFO         | Graphics backend: gfxstream
INFO         | Found systemPath /home/ben/Android/Sdk/system-images/android-26/google_apis_playstore/x86/
INFO         | Found systemPath /home/ben/Android/Sdk/system-images/android-26/google_apis_playstore/x86/
WARNING: cannnot unmap ptr 0x738da6201000 as it is in the protected range from 0x738d26200000 to 0x738da6400000
INFO         | Guest GLES Driver: Auto (ext controls)
WARNING      | Your GPU drivers may have a bug. Switching to software rendering.
INFO         | emuglConfig_init: vulkan_mode_selected:lavapipe gles_mode_selected:swangle
INFO         | Checking system compatibility:
INFO         |   Checking: hasSufficientDiskSpace
INFO         |      Ok: Disk space requirements to run avd: `Medium_Phone` are met
INFO         |   Checking: hasSufficientHwGpu
INFO         |      Ok: Hardware GPU compatibility checks are not required
INFO         |   Checking: hasSufficientSystem
INFO         |      Ok: System requirements to run avd: `Medium_Phone` are met
WARNING      | File System is not ext4, disable QuickbootFileBacked feature
WARNING      | FeatureControl is requesting a non existing feature.
INFO         | Storing crashdata in: /tmp/android-ben/emu-crash-37.1.11.db, detection is enabled for process: 332511
INFO         | Initializing gfxstream backend
INFO         | startOpenglesRendererImpl: gpu info
INFO         |
INFO         | SharedLibrary::open for [libX11]
INFO         | SharedLibrary::open for [libX11-xcb]
INFO         | Graphics Adapter Vendor Google (Google Inc.)
INFO         | Graphics Adapter Android Emulator OpenGL ES Translator (Google SwiftShader)
INFO         | Graphics API Version OpenGL ES 3.0 (OpenGL ES 3.0 SwiftShader 4.0.0.1)
INFO         | Graphics API Extensions GL_OES_EGL_sync GL_OES_EGL_image GL_OES_EGL_image_external GL_OES_depth24 GL_OES_depth32 GL_OES_element_index_uint GL_OES_texture_float GL_OES_texture_float_linear GL_OES_compressed_paletted_texture GL_OES_compressed_ETC1_RGB8_texture GL_OES_depth_texture GL_OES_texture_half_float GL_OES_texture_half_float_linear GL_OES_packed_depth_stencil GL_OES_vertex_half_float GL_OES_standard_derivatives GL_OES_texture_npot GL_OES_rgb8_rgba8 GL_EXT_color_buffer_float GL_EXT_color_buffer_half_float GL_EXT_texture_format_BGRA8888 GL_APPLE_texture_format_BGRA8888
INFO         | Graphics Device Extensions N/A
ERROR        | Setting read-only feature 'GLAsyncSwap' to '0'
INFO         | Feature 'GLAsyncSwap' (50) is overridden to 'disabled'
INFO         | Verified boot params were not found.
INFO         | Userspace boot properties:
INFO         |   android.bootanim=0
INFO         |   android.qemud=1
INFO         |   androidboot.android_dt_dir=/sys/bus/platform/devices/ANDR0001:00/properties/android/
INFO         |   androidboot.hardware=ranchu
INFO         |   androidboot.serialno=EMULATOR37X1X11X0
INFO         |   qemu=1
INFO         |   qemu.avd_name=Medium_Phone
INFO         |   qemu.camera_hq_edge_processing=0
INFO         |   qemu.dalvik.vm.heapsize=512m
INFO         |   qemu.encrypt=1
INFO         |   qemu.gles=1
INFO         |   qemu.gltransport=pipe
INFO         |   qemu.gltransport.drawFlushInterval=800
INFO         |   qemu.opengles.version=196608
INFO         |   qemu.settings.system.screen_off_timeout=2147483647
INFO         |   qemu.skin=1080x2400
INFO         |   qemu.uirenderer=skiagl
INFO         |   qemu.vsync=60
INFO         |   qemu.wifi=1
INFO         | Monitoring duration of emulator setup.
INFO         | Setting display: 0 configuration to: 1080x2400, dpi: 420x420
INFO         | setDisplayActiveConfig: id:0, 1080x2400
WARNING      | getEnvironmentConfig: No environment config is provided
INFO         | getEnvironmentConfig: Using default virtual scene mode for the environment.
INFO         | getEnvironmentConfig: Using default configuration for mode mesh3d for the environment.
INFO         | Initializing a scene with mode: mesh3d, argument: Toren1BD.obj
INFO         | GPU Vendor=[Google (Google Inc.)]
INFO         | GPU Renderer=[Android Emulator OpenGL ES Translator (Google SwiftShader)]
INFO         | GPU Version=[OpenGL ES 3.0 (OpenGL ES 3.0 SwiftShader 4.0.0.1)]
USER_INFO    | Emulator is performing a full startup. This may take upto two minutes, or more.
INFO         | Initialized camera with name: environment
INFO         | Wait for emulator (pid 332511) 20 seconds to shutdown gracefully before kill;you can set environment variable ANDROID_EMULATOR_WAIT_TIME_BEFORE_KILL(in seconds) to change the default value (20 seconds)

USER_INFO    | Snapshots have been disabled by the user, save request is ignored.
INFO         | Saving snapshot 'default_boot' using 0 ms
ERROR        | stop: Not implemented
WARNING      | Emulator client has not yet been configured.. Call configure me first!
INFO         | removeScene: scene=0x60bdca796900
INFO         | removeAll
